This is pdfTeX, Version 3.141592653-2.6-1.40.25 (TeX Live 2023/Debian) (preloaded format=pdflatex 2024.5.18)  30 AUG 2024 16:03
entering extended mode
 restricted \write18 enabled.
 %&-line parsing enabled.
**first-sub.tex
(./first-sub.tex
LaTeX2e <2023-06-01>
L3 programming layer <2023-06-05>
(/usr/share/texlive/texmf-dist/tex/latex/base/article.cls
Document Class: article 2023/05/17 v1.4n Standard LaTeX document class
(/usr/share/texlive/texmf-dist/tex/latex/base/size12.clo
File: size12.clo 2023/05/17 v1.4n Standard LaTeX file (size option)
)
\c@part=\count185
\c@section=\count186
\c@subsection=\count187
\c@subsubsection=\count188
\c@paragraph=\count189
\c@subparagraph=\count190
\c@figure=\count191
\c@table=\count192
\abovecaptionskip=\skip48
\belowcaptionskip=\skip49
\bibindent=\dimen140
)
(/usr/share/texlive/texmf-dist/tex/latex/graphics/graphicx.sty
Package: graphicx 2021/09/16 v1.2d Enhanced LaTeX Graphics (DPC,SPQR)

(/usr/share/texlive/texmf-dist/tex/latex/graphics/keyval.sty
Package: keyval 2022/05/29 v1.15 key=value parser (DPC)
\KV@toks@=\toks17
)
(/usr/share/texlive/texmf-dist/tex/latex/graphics/graphics.sty
Package: graphics 2022/03/10 v1.4e Standard LaTeX Graphics (DPC,SPQR)

(/usr/share/texlive/texmf-dist/tex/latex/graphics/trig.sty
Package: trig 2021/08/11 v1.11 sin cos tan (DPC)
)
(/usr/share/texlive/texmf-dist/tex/latex/graphics-cfg/graphics.cfg
File: graphics.cfg 2016/06/04 v1.11 sample graphics configuration
)
Package graphics Info: Driver file: pdftex.def on input line 107.

(/usr/share/texlive/texmf-dist/tex/latex/graphics-def/pdftex.def
File: pdftex.def 2022/09/22 v1.2b Graphics/color driver for pdftex
))
\Gin@req@height=\dimen141
\Gin@req@width=\dimen142
)
(/usr/share/texlive/texmf-dist/tex/latex/geometry/geometry.sty
Package: geometry 2020/01/02 v5.9 Page Geometry

(/usr/share/texlive/texmf-dist/tex/generic/iftex/ifvtex.sty
Package: ifvtex 2019/10/25 v1.7 ifvtex legacy package. Use iftex instead.

(/usr/share/texlive/texmf-dist/tex/generic/iftex/iftex.sty
Package: iftex 2022/02/03 v1.0f TeX engine tests
))
\Gm@cnth=\count193
\Gm@cntv=\count194
\c@Gm@tempcnt=\count195
\Gm@bindingoffset=\dimen143
\Gm@wd@mp=\dimen144
\Gm@odd@mp=\dimen145
\Gm@even@mp=\dimen146
\Gm@layoutwidth=\dimen147
\Gm@layoutheight=\dimen148
\Gm@layouthoffset=\dimen149
\Gm@layoutvoffset=\dimen150
\Gm@dimlist=\toks18
)
(/usr/share/texlive/texmf-dist/tex/latex/base/inputenc.sty
Package: inputenc 2021/02/14 v1.3d Input encoding file
\inpenc@prehook=\toks19
\inpenc@posthook=\toks20
)
(/usr/share/texlive/texmf-dist/tex/latex/l3backend/l3backend-pdftex.def
File: l3backend-pdftex.def 2023-04-19 L3 backend support: PDF output (pdfTeX)
\l__color_backend_stack_int=\count196
\l__pdf_internal_box=\box51
)
(./first-sub.aux)
\openout1 = `first-sub.aux'.

LaTeX Font Info:    Checking defaults for OML/cmm/m/it on input line 16.
LaTeX Font Info:    ... okay on input line 16.
LaTeX Font Info:    Checking defaults for OMS/cmsy/m/n on input line 16.
LaTeX Font Info:    ... okay on input line 16.
LaTeX Font Info:    Checking defaults for OT1/cmr/m/n on input line 16.
LaTeX Font Info:    ... okay on input line 16.
LaTeX Font Info:    Checking defaults for T1/cmr/m/n on input line 16.
LaTeX Font Info:    ... okay on input line 16.
LaTeX Font Info:    Checking defaults for TS1/cmr/m/n on input line 16.
LaTeX Font Info:    ... okay on input line 16.
LaTeX Font Info:    Checking defaults for OMX/cmex/m/n on input line 16.
LaTeX Font Info:    ... okay on input line 16.
LaTeX Font Info:    Checking defaults for U/cmr/m/n on input line 16.
LaTeX Font Info:    ... okay on input line 16.

(/usr/share/texlive/texmf-dist/tex/context/base/mkii/supp-pdf.mkii
[Loading MPS to PDF converter (version 2006.09.02).]
\scratchcounter=\count197
\scratchdimen=\dimen151
\scratchbox=\box52
\nofMPsegments=\count198
\nofMParguments=\count199
\everyMPshowfont=\toks21
\MPscratchCnt=\count266
\MPscratchDim=\dimen152
\MPnumerator=\count267
\makeMPintoPDFobject=\count268
\everyMPtoPDFconversion=\toks22
) (/usr/share/texlive/texmf-dist/tex/latex/epstopdf-pkg/epstopdf-base.sty
Package: epstopdf-base 2020-01-24 v2.11 Base part for package epstopdf

(/usr/share/texlive/texmf-dist/tex/generic/infwarerr/infwarerr.sty
Package: infwarerr 2019/12/03 v1.5 Providing info/warning/error messages (HO)
)
(/usr/share/texlive/texmf-dist/tex/latex/grfext/grfext.sty
Package: grfext 2019/12/03 v1.3 Manage graphics extensions (HO)

(/usr/share/texlive/texmf-dist/tex/generic/kvdefinekeys/kvdefinekeys.sty
Package: kvdefinekeys 2019-12-19 v1.6 Define keys (HO)
))
(/usr/share/texlive/texmf-dist/tex/latex/kvoptions/kvoptions.sty
Package: kvoptions 2022-06-15 v3.15 Key value format for package options (HO)

(/usr/share/texlive/texmf-dist/tex/generic/ltxcmds/ltxcmds.sty
Package: ltxcmds 2020-05-10 v1.25 LaTeX kernel commands for general use (HO)
)
(/usr/share/texlive/texmf-dist/tex/latex/kvsetkeys/kvsetkeys.sty
Package: kvsetkeys 2022-10-05 v1.19 Key value parser (HO)
))
(/usr/share/texlive/texmf-dist/tex/generic/pdftexcmds/pdftexcmds.sty
Package: pdftexcmds 2020-06-27 v0.33 Utility functions of pdfTeX for LuaTeX (HO
)
Package pdftexcmds Info: \pdf@primitive is available.
Package pdftexcmds Info: \pdf@ifprimitive is available.
Package pdftexcmds Info: \pdfdraftmode found.
)
Package epstopdf-base Info: Redefining graphics rule for `.eps' on input line 4
85.
Package grfext Info: Graphics extension search list:
(grfext)             [.pdf,.png,.jpg,.mps,.jpeg,.jbig2,.jb2,.PDF,.PNG,.JPG,.JPE
G,.JBIG2,.JB2,.eps]
(grfext)             \AppendGraphicsExtensions on input line 504.

(/usr/share/texlive/texmf-dist/tex/latex/latexconfig/epstopdf-sys.cfg
File: epstopdf-sys.cfg 2010/07/13 v1.3 Configuration of (r)epstopdf for TeX Liv
e
))
*geometry* driver: auto-detecting
*geometry* detected driver: pdftex
*geometry* verbose mode - [ preamble ] result:
* driver: pdftex
* paper: a4paper
* layout: <same size as paper>
* layoutoffset:(h,v)=(0.0pt,0.0pt)
* modes: 
* h-part:(L,W,R)=(89.62709pt, 418.25368pt, 89.6271pt)
* v-part:(T,H,B)=(85.35826pt, 658.28194pt, 101.40665pt)
* \paperwidth=597.50787pt
* \paperheight=845.04684pt
* \textwidth=418.25368pt
* \textheight=658.28194pt
* \oddsidemargin=17.3571pt
* \evensidemargin=17.3571pt
* \topmargin=-23.91173pt
* \headheight=12.0pt
* \headsep=25.0pt
* \topskip=12.0pt
* \footskip=30.0pt
* \marginparwidth=35.0pt
* \marginparsep=10.0pt
* \columnsep=10.0pt
* \skip\footins=10.8pt plus 4.0pt minus 2.0pt
* \hoffset=0.0pt
* \voffset=0.0pt
* \mag=1000
* \@twocolumnfalse
* \@twosidefalse
* \@mparswitchfalse
* \@reversemarginfalse
* (1in=72.27pt=25.4mm, 1cm=28.453pt)

<./images///knust.jpg, id=1, 515.55823pt x 515.55823pt>
File: ./images///knust.jpg Graphic file (type jpg)
<use ./images///knust.jpg>
Package pdftex.def Info: ./images///knust.jpg  used on input line 17.
(pdftex.def)             Requested size: 206.21964pt x 206.21964pt.
LaTeX Font Info:    External font `cmex10' loaded for size
(Font)              <14.4> on input line 17.
LaTeX Font Info:    External font `cmex10' loaded for size
(Font)              <7> on input line 17.
[1

{/var/lib/texmf/fonts/map/pdftex/updmap/pdftex.map} <./images///knust.jpg>]
Underfull \hbox (badness 10000) in paragraph at lines 25--34

 []


Underfull \hbox (badness 10000) in paragraph at lines 25--34

 []


Underfull \hbox (badness 10000) in paragraph at lines 25--34

 []


Underfull \hbox (badness 10000) in paragraph at lines 25--34

 []


Underfull \hbox (badness 10000) in paragraph at lines 25--34

 []


Underfull \hbox (badness 10000) in paragraph at lines 25--34

 []


Underfull \hbox (badness 10000) in paragraph at lines 25--34

 []


Underfull \hbox (badness 10000) in paragraph at lines 25--34

 []


Underfull \hbox (badness 10000) in paragraph at lines 25--34

 []


Underfull \hbox (badness 10000) in paragraph at lines 25--34

 []


Underfull \hbox (badness 10000) in paragraph at lines 25--34

 []


Underfull \hbox (badness 10000) in paragraph at lines 25--34

 []


Underfull \hbox (badness 10000) in paragraph at lines 25--34

 []


Underfull \hbox (badness 10000) in paragraph at lines 25--34

 []


Underfull \hbox (badness 10000) in paragraph at lines 25--34

 []


Underfull \hbox (badness 10000) in paragraph at lines 25--34

 []


Underfull \hbox (badness 10000) in paragraph at lines 25--34

 []


Underfull \hbox (badness 10000) in paragraph at lines 25--34

 []

[1] [2] [3]
Overfull \hbox (20.72649pt too wide) in paragraph at lines 52--57
\OT1/cmr/m/n/12 project presents an in-no-va-tive farm mon-i-tor-ing sys-tem ut
i-liz-ing In-ter-net of Things(IoT)
 []


Overfull \hbox (6.50441pt too wide) in paragraph at lines 52--57
\OT1/cmr/m/n/12 farm's con-di-tions, de-tailed an-a-lyt-ics over var-i-ous time
-frames (daily, weekly, monthly,
 []

[4] (./first-sub.toc
LaTeX Font Info:    External font `cmex10' loaded for size
(Font)              <12> on input line 2.
LaTeX Font Info:    External font `cmex10' loaded for size
(Font)              <8> on input line 2.
LaTeX Font Info:    External font `cmex10' loaded for size
(Font)              <6> on input line 2.

Overfull \hbox (4.67947pt too wide) in paragraph at lines 18--18
 [][] []\OT1/cmr/m/n/12 Design of Green-House En-vi-ron-ment Mon-i-tor-ing Sys-
tem based 
 []


Overfull \hbox (1.40735pt too wide) in paragraph at lines 26--26
 \OT1/cmr/m/n/12 ron-men-tal con-di-tion us-ing wire-less sen-sor network-IOT T
ech- 
 []

[5]
Overfull \hbox (2.01839pt too wide) in paragraph at lines 35--35
 [][] []\OT1/cmr/m/n/12 Study on Pre-ci-sion Agri-cul-ture Mon-i-tor-ing Frame-
work Based 
 []


Overfull \hbox (2.24477pt too wide) in paragraph at lines 37--37
 [][] []\OT1/cmr/m/n/12 Design and Im-ple-men-ta-tion of an IoT-Based Sys-tem f
or Mon- 
 []

[6])
\tf@toc=\write3
\openout3 = `first-sub.toc'.

 [7] (./first-sub.lof)
\tf@lof=\write4
\openout4 = `first-sub.lof'.

 [8]
Underfull \hbox (badness 10000) in paragraph at lines 67--76

 []


Underfull \hbox (badness 10000) in paragraph at lines 67--76

 []


Underfull \hbox (badness 10000) in paragraph at lines 67--76

 []


Underfull \hbox (badness 10000) in paragraph at lines 67--76

 []


Overfull \hbox (7.54884pt too wide) in paragraph at lines 67--76
\OT1/cmr/m/n/12 press-ing is-sue of hunger and its far-reaching con-se-quences 
on hu-man-ity is paramount.
 []

[1] [2{/usr/share/texmf/fonts/enc/dvips/cm-super/cm-super-ts1.enc}]
Underfull \hbox (badness 10000) in paragraph at lines 100--101

 []

[3] [4]
Underfull \hbox (badness 10000) in paragraph at lines 127--140

 []


Underfull \hbox (badness 10000) in paragraph at lines 127--140

 []


Underfull \hbox (badness 10000) in paragraph at lines 127--140

 []


Underfull \hbox (badness 10000) in paragraph at lines 127--140

 []


Underfull \hbox (badness 10000) in paragraph at lines 127--140

 []


Underfull \hbox (badness 10000) in paragraph at lines 127--140

 []

[5] [6] [7] [8] [9] [10] [11] [12]
Overfull \hbox (14.94731pt too wide) in paragraph at lines 251--251
[]\OT1/cmr/bx/n/12 PRELIMINARY DE-SIGN FOR CROP MON-I-TOR-ING IN-VOLV-
 []

[13]
Underfull \hbox (badness 10000) in paragraph at lines 266--270

 []

[14] [15]
Overfull \hbox (1.86974pt too wide) in paragraph at lines 291--296
\OT1/cmr/m/n/12 The study uti-lizes a minia-tur-ized leaf wet-ness sen-sor in-t
e-grated with an application-
 []

[16]
Overfull \hbox (0.49213pt too wide) in paragraph at lines 302--302
[]\OT1/cmr/bx/n/12 Cloud-based Low-Power Long Range IoT Net-work for Soil Mois-

 []

[17] [18] [19] [20]
! Misplaced alignment tab character &.
l.343 ...at Vel Tech Rangarajan Dr. Sagunthala R &
                                                   D Institute of Science an...
I can't figure out why you would want to use a tab mark
here. If you just want an ampersand, the remedy is
simple: Just type `I\&' now. But if some right brace
up above has ended a previous alignment prematurely,
you're probably due for more error messages, and you
might try typing `S' now just to see what is salvageable.

[21] [22]
Overfull \hbox (4.42555pt too wide) in paragraph at lines 372--372
[]\OT1/cmr/bx/n/12 Enabling Smart Agri-cul-ture: An IoT-Based Frame-work for Re
al-
 []

[23] [24]
<./images///architecture.jpg, id=113, 1084.05pt x 595.22375pt>
File: ./images///architecture.jpg Graphic file (type jpg)
<use ./images///architecture.jpg>
Package pdftex.def Info: ./images///architecture.jpg  used on input line 385.
(pdftex.def)             Requested size: 433.61232pt x 238.08528pt.

Overfull \hbox (15.35864pt too wide) in paragraph at lines 385--386
[][] 
 []

[25 <./images///architecture.jpg>]
<./images///Sensor-node.png, id=117, 854.19125pt x 633.36626pt>
File: ./images///Sensor-node.png Graphic file (type png)
<use ./images///Sensor-node.png>
Package pdftex.def Info: ./images///Sensor-node.png  used on input line 396.
(pdftex.def)             Requested size: 427.09459pt x 316.68236pt.

Overfull \hbox (8.84091pt too wide) in paragraph at lines 396--397
[][] 
 []

[26 <./images///Sensor-node.png>] [27]
Overfull \hbox (3.24055pt too wide) in paragraph at lines 418--421
\OT1/cmr/m/n/12 The app pro-vides de-tailed an-a-lyt-ics over var-i-ous time-fr
ames (daily, weekly, monthly,
 []

[28]
<./images///system-block.jpg, id=130, 793.96625pt x 522.95375pt>
File: ./images///system-block.jpg Graphic file (type jpg)
<use ./images///system-block.jpg>
Package pdftex.def Info: ./images///system-block.jpg  used on input line 429.
(pdftex.def)             Requested size: 317.58087pt x 209.1778pt.
<./images///esp32.jpg, id=131, 1003.75pt x 736.7525pt>
File: ./images///esp32.jpg Graphic file (type jpg)
<use ./images///esp32.jpg>
Package pdftex.def Info: ./images///esp32.jpg  used on input line 440.
(pdftex.def)             Requested size: 401.49289pt x 294.69577pt.
 [29 <./images///system-block.jpg>]
<./images///dht22.png, id=135, 815.045pt x 590.205pt>
File: ./images///dht22.png Graphic file (type png)
<use ./images///dht22.png>
Package pdftex.def Info: ./images///dht22.png  used on input line 450.
(pdftex.def)             Requested size: 326.01222pt x 236.0778pt.


LaTeX Warning: `!h' float specifier changed to `!ht'.

<./images///resistive-soil.png, id=136, 446.41782pt x 418.56375pt>
File: ./images///resistive-soil.png Graphic file (type png)
<use ./images///resistive-soil.png>
Package pdftex.def Info: ./images///resistive-soil.png  used on input line 460.

(pdftex.def)             Requested size: 178.56395pt x 167.42252pt.

LaTeX Warning: `!h' float specifier changed to `!ht'.

[30 <./images///esp32.jpg>]
<./images///mqtt_listener.png, id=140, 996.72375pt x 1513.655pt>
File: ./images///mqtt_listener.png Graphic file (type png)
<use ./images///mqtt_listener.png>
Package pdftex.def Info: ./images///mqtt_listener.png  used on input line 470.
(pdftex.def)             Requested size: 398.68243pt x 605.45128pt.


LaTeX Warning: `h' float specifier changed to `ht'.

[31 <./images///dht22.png> <./images///resistive-soil.png>]
! Undefined control sequence.
l.483 \item[--] \emp
                    {User Routes}\\
The control sequence at the end of the top line
of your error message was never \def'ed. If you have
misspelled it (e.g., `\hobx'), type `I' and the correct
spelling (e.g., `I\hbox'). Otherwise just continue,
and I'll forget about whatever was undefined.

<./images///user_routes.png, id=145, 811.03pt x 560.0925pt>
File: ./images///user_routes.png Graphic file (type png)
<use ./images///user_routes.png>
Package pdftex.def Info: ./images///user_routes.png  used on input line 486.
(pdftex.def)             Requested size: 405.514pt x 280.04556pt.

LaTeX Warning: `h' float specifier changed to `ht'.

<./images///admin_routes.png, id=146, 734.745pt x 579.16376pt>
File: ./images///admin_routes.png Graphic file (type png)
<use ./images///admin_routes.png>
Package pdftex.def Info: ./images///admin_routes.png  used on input line 494.
(pdftex.def)             Requested size: 367.3716pt x 289.58116pt.

LaTeX Warning: `h' float specifier changed to `ht'.

<./images///cropscope-login.jpg, id=147, 576.1525pt x 1284.8pt>
File: ./images///cropscope-login.jpg Graphic file (type jpg)
<use ./images///cropscope-login.jpg>
Package pdftex.def Info: ./images///cropscope-login.jpg  used on input line 505
.
(pdftex.def)             Requested size: 172.84708pt x 385.44298pt.

LaTeX Warning: `h' float specifier changed to `ht'.

<./images///overview.jpg, id=148, 576.1525pt x 1284.8pt>
File: ./images///overview.jpg Graphic file (type jpg)
<use ./images///overview.jpg>
Package pdftex.def Info: ./images///overview.jpg  used on input line 513.
(pdftex.def)             Requested size: 172.84708pt x 385.44298pt.

LaTeX Warning: `h' float specifier changed to `ht'.

<./images///cropscope-graph.jpg, id=149, 576.1525pt x 1284.8pt>
File: ./images///cropscope-graph.jpg Graphic file (type jpg)
<use ./images///cropscope-graph.jpg>
Package pdftex.def Info: ./images///cropscope-graph.jpg  used on input line 521
.
(pdftex.def)             Requested size: 172.84708pt x 385.44298pt.

LaTeX Warning: `h' float specifier changed to `ht'.

<./images///cropscope-recommend.jpg, id=150, 576.1525pt x 1284.8pt>
File: ./images///cropscope-recommend.jpg Graphic file (type jpg)
<use ./images///cropscope-recommend.jpg>
Package pdftex.def Info: ./images///cropscope-recommend.jpg  used on input line
 529.
(pdftex.def)             Requested size: 172.84708pt x 385.44298pt.

LaTeX Warning: `h' float specifier changed to `ht'.

<./images///cropscope-weather.jpg, id=151, 576.1525pt x 1284.8pt>
File: ./images///cropscope-weather.jpg Graphic file (type jpg)
<use ./images///cropscope-weather.jpg>
Package pdftex.def Info: ./images///cropscope-weather.jpg  used on input line 5
37.
(pdftex.def)             Requested size: 172.84708pt x 385.44298pt.

LaTeX Warning: `h' float specifier changed to `ht'.

<./images///admin-login.png, id=152, 1927.2pt x 1084.05pt>
File: ./images///admin-login.png Graphic file (type png)
<use ./images///admin-login.png>
Package pdftex.def Info: ./images///admin-login.png  used on input line 549.
(pdftex.def)             Requested size: 385.43318pt x 216.80615pt.

LaTeX Warning: `h' float specifier changed to `ht'.

<./images///admin-dashboard.png, id=153, 1927.2pt x 1084.05pt>
File: ./images///admin-dashboard.png Graphic file (type png)
<use ./images///admin-dashboard.png>
Package pdftex.def Info: ./images///admin-dashboard.png  used on input line 557
.
(pdftex.def)             Requested size: 385.43318pt x 216.80615pt.

LaTeX Warning: `h' float specifier changed to `ht'.

<./images///new-farmer.png, id=154, 1927.2pt x 1084.05pt>
File: ./images///new-farmer.png Graphic file (type png)
<use ./images///new-farmer.png>
Package pdftex.def Info: ./images///new-farmer.png  used on input line 565.
(pdftex.def)             Requested size: 385.43318pt x 216.80615pt.
[32]

LaTeX Warning: `h' float specifier changed to `ht'.

[33]
<./images///code-setup.png, id=161, 963.6pt x 803.0pt>
File: ./images///code-setup.png Graphic file (type png)
<use ./images///code-setup.png>
Package pdftex.def Info: ./images///code-setup.png  used on input line 573.
(pdftex.def)             Requested size: 385.43317pt x 321.1943pt.


LaTeX Warning: `h' float specifier changed to `ht'.

<./images///code-setup-2.png, id=162, 853.1875pt x 542.025pt>
File: ./images///code-setup-2.png Graphic file (type png)
<use ./images///code-setup-2.png>
Package pdftex.def Info: ./images///code-setup-2.png  used on input line 579.
(pdftex.def)             Requested size: 341.26895pt x 216.80615pt.

LaTeX Warning: `h' float specifier changed to `ht'.

<./images///indicator-colors.png, id=163, 548.0475pt x 299.1175pt>
File: ./images///indicator-colors.png Graphic file (type png)
<use ./images///indicator-colors.png>
Package pdftex.def Info: ./images///indicator-colors.png  used on input line 58
5.
(pdftex.def)             Requested size: 219.2151pt x 119.64487pt.

LaTeX Warning: `h' float specifier changed to `ht'.

<./images///load-config.png, id=164, 582.175pt x 542.025pt>
File: ./images///load-config.png Graphic file (type png)
<use ./images///load-config.png>
Package pdftex.def Info: ./images///load-config.png  used on input line 591.
(pdftex.def)             Requested size: 232.86588pt x 216.80615pt.

LaTeX Warning: `h' float specifier changed to `ht'.

<./images///save-config.png, id=165, 540.0175pt x 355.3275pt>
File: ./images///save-config.png Graphic file (type png)
<use ./images///save-config.png>
Package pdftex.def Info: ./images///save-config.png  used on input line 597.
(pdftex.def)             Requested size: 216.00316pt x 142.12846pt.

LaTeX Warning: `h' float specifier changed to `ht'.

<./images///secure-connection.png, id=166, 776.9025pt x 803.0pt>
File: ./images///secure-connection.png Graphic file (type png)
<use ./images///secure-connection.png>
Package pdftex.def Info: ./images///secure-connection.png  used on input line 6
03.
(pdftex.def)             Requested size: 310.7555pt x 321.1943pt.

LaTeX Warning: `h' float specifier changed to `ht'.

<./images///switch-ap.png, id=167, 666.49pt x 373.395pt>
File: ./images///switch-ap.png Graphic file (type png)
<use ./images///switch-ap.png>
Package pdftex.def Info: ./images///switch-ap.png  used on input line 609.
(pdftex.def)             Requested size: 266.59128pt x 149.35535pt.

LaTeX Warning: `h' float specifier changed to `ht'.

<./images///switch-station.png, id=168, 937.5025pt x 672.5125pt>
File: ./images///switch-station.png Graphic file (type png)
<use ./images///switch-station.png>
Package pdftex.def Info: ./images///switch-station.png  used on input line 615.

(pdftex.def)             Requested size: 374.99435pt x 269.00023pt.

LaTeX Warning: `h' float specifier changed to `ht'.

<./images///moisture-ph.png, id=169, 929.4725pt x 410.53375pt>
File: ./images///moisture-ph.png Graphic file (type png)
<use ./images///moisture-ph.png>
Package pdftex.def Info: ./images///moisture-ph.png  used on input line 621.
(pdftex.def)             Requested size: 371.78242pt x 164.21059pt.

LaTeX Warning: `h' float specifier changed to `ht'.

<./images///webserver.png, id=170, 1027.84pt x 1139.25626pt>
File: ./images///webserver.png Graphic file (type png)
<use ./images///webserver.png>
Package pdftex.def Info: ./images///webserver.png  used on input line 627.
(pdftex.def)             Requested size: 411.12872pt x 455.69443pt.

LaTeX Warning: `h' float specifier changed to `ht'.

<./images///reconnect.png, id=171, 717.68124pt x 503.8825pt>
File: ./images///reconnect.png Graphic file (type png)
<use ./images///reconnect.png>
Package pdftex.def Info: ./images///reconnect.png  used on input line 633.
(pdftex.def)             Requested size: 287.06741pt x 201.54942pt.

LaTeX Warning: `h' float specifier changed to `ht'.

<./images///void-setup.png, id=172, 1005.7575pt x 1139.25626pt>
File: ./images///void-setup.png Graphic file (type png)
<use ./images///void-setup.png>
Package pdftex.def Info: ./images///void-setup.png  used on input line 639.
(pdftex.def)             Requested size: 402.29587pt x 455.69443pt.

LaTeX Warning: `h' float specifier changed to `ht'.

<./images///void-loop.png, id=173, 937.5025pt x 1382.16376pt>
File: ./images///void-loop.png Graphic file (type png)
<use ./images///void-loop.png>
Package pdftex.def Info: ./images///void-loop.png  used on input line 645.
(pdftex.def)             Requested size: 374.99435pt x 552.85571pt.

LaTeX Warning: `h' float specifier changed to `ht'.

[34]
! Undefined control sequence.
l.675     \itme
               [--] Integrating machine learning algorithms for predictive a...
The control sequence at the end of the top line
of your error message was never \def'ed. If you have
misspelled it (e.g., `\hobx'), type `I' and the correct
spelling (e.g., `I\hbox'). Otherwise just continue,
and I'll forget about whatever was undefined.

[35] (./first-sub.bbl
Underfull \hbox (badness 3989) in paragraph at lines 37--43
[]\OT1/cmr/m/n/12 Subhra Shankha Bhat-tacher-jee, S Shree-shan, Gattu Priyanka,
 Ak-
 []

[36] [37]
! Misplaced alignment tab character &.
l.182   &
          Intelligent Computing Systems (ICON-SONICS)}, pages 212--217, 2023.
I can't figure out why you would want to use a tab mark
here. If you just want an ampersand, the remedy is
simple: Just type `I\&' now. But if some right brace
up above has ended a previous alignment prematurely,
you're probably due for more error messages, and you
might try typing `S' now just to see what is salvageable.

! Misplaced alignment tab character &.
l.215   Science &
                  Engineering (Confluence)}, pages 53--58, 2024.
I can't figure out why you would want to use a tab mark
here. If you just want an ampersand, the remedy is
simple: Just type `I\&' now. But if some right brace
up above has ended a previous alignment prematurely,
you're probably due for more error messages, and you
might try typing `S' now just to see what is salvageable.

[38]) [39] [40 <./images///mqtt_listener.png>] [41 <./images///user_routes.png>
 <./images///admin_routes.png>] [42 <./images///cropscope-login.jpg>] [43 <./im
ages///overview.jpg>] [44 <./images///cropscope-graph.jpg>] [45 <./images///cro
pscope-recommend.jpg>] [46 <./images///cropscope-weather.jpg>] [47 <./images///
admin-login.png> <./images///admin-dashboard.png>] [48 <./images///new-farmer.p
ng> <./images///code-setup.png>] [49 <./images///code-setup-2.png> <./images///
indicator-colors.png> <./images///load-config.png>] [50 <./images///save-config
.png> <./images///secure-connection.png>] [51 <./images///switch-ap.png> <./ima
ges///switch-station.png>] [52 <./images///moisture-ph.png>] [53 <./images///we
bserver.png>] [54 <./images///reconnect.png>] [55 <./images///void-setup.png>]
[56 <./images///void-loop.png>] (./first-sub.aux)
 ***********
LaTeX2e <2023-06-01>
L3 programming layer <2023-06-05>
 ***********
 ) 
Here is how much of TeX's memory you used:
 2823 strings out of 475735
 52126 string characters out of 5784786
 1865759 words of memory out of 5000000
 23553 multiletter control sequences out of 15000+600000
 519239 words of font info for 53 fonts, out of 8000000 for 9000
 1141 hyphenation exceptions out of 8191
 61i,8n,69p,914b,324s stack positions out of 10000i,1000n,20000p,200000b,200000s
</usr/share/texlive/texmf-dist/fonts/type1/public/amsfonts/cm/cmbx12.pfb></us
r/share/texlive/texmf-dist/fonts/type1/public/amsfonts/cm/cmr12.pfb></usr/share
/texlive/texmf-dist/fonts/type1/public/amsfonts/cm/cmr17.pfb></usr/share/texliv
e/texmf-dist/fonts/type1/public/amsfonts/cm/cmti12.pfb></usr/share/texmf/fonts/
type1/public/cm-super/sfrm1200.pfb>
Output written on first-sub.pdf (65 pages, 3809737 bytes).
PDF statistics:
 293 PDF objects out of 1000 (max. 8388607)
 162 compressed objects within 2 object streams
 0 named destinations out of 1000 (max. 500000)
 156 words of extra memory for PDF output out of 10000 (max. 10000000)

